node.exe : (node:896) [DEP0176] DeprecationWarning: fs.F_OK is deprecated, use 
fs.constants.F_OK instead
No linha:1 caractere:1
+ & "C:\Program Files\nodejs/node.exe" "C:\Program Files\nodejs/node_mo ...
+ ~~~~~~~~~~~~~~~~~~~~~~~~~~~~~~~~~~~~~~~~~~~~~~~~~~~~~~~~~~~~~~~~~~~~~
    + CategoryInfo          : NotSpecified: ((node:896) [DEP...ts.F_OK instead 
   :String) [], RemoteException
    + FullyQualifiedErrorId : NativeCommandError
 
(Use `node --trace-deprecation ...` to show where the warning was created)
Creating an optimized production build...
Failed to compile.

TS2339: Property 'props' does not exist on type 'ErrorBoundary'.
  [0m [90m 36 |[39m   render() {
   [90m 37 |[39m     [36mif[39m ([33m![39m[36mthis[39m[33m.[39mstate[33m.[39mhasError) {
  [31m[1m>[22m[39m[90m 38 |[39m       [36mreturn[39m [36mthis[39m[33m.[39mprops[33m.[39mchildren[33m;[39m
   [90m    |[39m                   [31m[1m^[22m[39m[31m[1m^[22m[39m[31m[1m^[22m[39m[31m[1m^[22m[39m[31m[1m^[22m[39m
   [90m 39 |[39m     }
   [90m 40 |[39m
   [90m 41 |[39m     [36mreturn[39m ([0m


